../Core/Src/main.c:265:5:main	32	static
../Core/Src/main.c:343:6:SystemClock_Config	88	static
../Core/Src/main.c:390:13:MX_ADC1_Init	56	static
../Core/Src/main.c:458:13:MX_DAC1_Init	56	static
../Core/Src/main.c:505:13:MX_SPI1_Init	8	static
../Core/Src/main.c:545:13:MX_TIM2_Init	40	static
../Core/Src/main.c:588:13:MX_DMA_Init	16	static
../Core/Src/main.c:607:13:MX_GPIO_Init	40	static
../Core/Src/main.c:668:16:platform_write	24	static
../Core/Src/main.c:688:16:platform_read	32	static
../Core/Src/main.c:713:6:Error_Handler	4	static,ignoring_inline_asm
