../Core/Src/main.c:289:5:main	72	static
../Core/Src/main.c:385:6:SystemClock_Config	88	static
../Core/Src/main.c:431:13:MX_ADC1_Init	56	static
../Core/Src/main.c:503:13:MX_DAC1_Init	56	static
../Core/Src/main.c:550:13:MX_I2C2_Init	8	static
../Core/Src/main.c:598:13:MX_SPI1_Init	8	static
../Core/Src/main.c:638:13:MX_TIM1_Init	120	static
../Core/Src/main.c:720:13:MX_TIM2_Init	40	static
../Core/Src/main.c:763:13:MX_DMA_Init	24	static
../Core/Src/main.c:786:13:MX_GPIO_Init	40	static
../Core/Src/main.c:841:16:platform_write	24	static
../Core/Src/main.c:861:16:platform_read	32	static
../Core/Src/main.c:893:6:HAL_SPI_RxCpltCallback	16	static
../Core/Src/main.c:906:6:HAL_SPI_TxRxCpltCallback	16	static
../Core/Src/main.c:918:6:HAL_ADC_ConvCpltCallback	24	static
../Core/Src/main.c:931:6:HAL_ADC_ConvHalfCpltCallback	24	static
../Core/Src/main.c:945:6:process_input	152	static
../Core/Src/main.c:999:9:strcontains	24	static
../Core/Src/main.c:1019:6:my_strcpy	32	static
../Core/Src/main.c:1031:9:isValid	24	static
../Core/Src/main.c:1043:6:set_VCO_input_DAC	24	static
../Core/Src/main.c:1080:6:Error_Handler	4	static,ignoring_inline_asm
